// Jest Snapshot v1, https://goo.gl/fbAQLP

exports[`Snapshop of Boxs: Foundation 1`] = `
{
  "div": "div",
  "h1": "h1",
  "h2": "h2",
  "h3": "h3",
  "h4": "h4",
  "h5": "h5",
  "h6": "h6",
  "p": "p",
  "span": "span",
}
`;
